Restore Archived Project report for TopDE
Thu Oct 30 18:20:36 2025
Quartus Prime Version 24.1std.0 Build 1077 03/04/2025 SC Lite Edition


---------------------
; Table of Contents ;
---------------------
  1. Legal Notice
  2. Restore Archived Project Summary
  3. Restore Archived Project Messages
  4. Files Restored
  5. Files Not Restored



----------------
; Legal Notice ;
----------------
Copyright (C) 2025  Altera Corporation. All rights reserved.
Your use of Altera Corporation's design tools, logic functions 
and other software and tools, and any partner logic 
functions, and any output files from any of the foregoing 
(including device programming or simulation files), and any 
associated documentation or information are expressly subject 
to the terms and conditions of the Altera Program License 
Subscription Agreement, the Altera Quartus Prime License Agreement,
the Altera IP License Agreement, or other applicable license
agreement, including, without limitation, that your use is for
the sole purpose of programming logic devices manufactured by
Altera and sold by Altera or its authorized distributors.  Please
refer to the Altera Software License Subscription Agreements 
on the Quartus Prime software download page.



+-------------------------------------------------------------------------+
; Restore Archived Project Summary                                        ;
+---------------------------------+---------------------------------------+
; Restore Archived Project Status ; Successful - Thu Oct 30 18:20:35 2025 ;
; Revision Name                   ; TopDE                                 ;
; Top-level Entity Name           ; TopDE                                 ;
; Family                          ; Cyclone IV E                          ;
+---------------------------------+---------------------------------------+


+-----------------------------------+
; Restore Archived Project Messages ;
+-----------------------------------+
Warning (13177): Your design targets the device family "Cyclone IV E". The specified family is not a valid device family, is not installed, or is not supported in this version of the Quartus Prime software. If you restored a project from an archived version, your project was successfully restored, but you still must specify or install a supported device family.
Info (13198): Your project was successfully restored, but the device information in the Flow Summary report cannot be updated until the design targets a supported device family.
Info: Successfully restored 'C:/Lab2ofc/TopDE2.qar' into the 'C:/Lab2ofc/TopDE2_restored/' directory
Info: Generated report 'TopDE.restore.rpt'
Info (23030): Evaluation of Tcl script c:/intelfpga_lite/24.1std/quartus/common/tcl/apps/qpm/qar.tcl was successful
Info: Quartus Prime Shell was successful. 0 errors, 1 warning
    Info: Peak virtual memory: 4848 megabytes
    Info: Processing ended: Thu Oct 30 18:20:36 2025
    Info: Elapsed time: 00:00:01
    Info: Total CPU time (on all processors): 00:00:00


+-------------------------------+
; Files Restored                ;
+-------------------------------+
; File Name                     ;
+-------------------------------+
; qar_info.json                 ;
; ALU.v                         ;
; ImmGen.v                      ;
; Multiciclo.v                  ;
; Parametros.v                  ;
; Pipeline.v                    ;
; Registers.v                   ;
; TopDE.qpf                     ;
; TopDE.qsf                     ;
; TopDE.v                       ;
; TopDE.vwf                     ;
; TopDE_assignment_defaults.qdf ;
; Uniciclo.v                    ;
; assignment_defaults.qdf       ;
; de1_data.mif                  ;
; de1_text.mif                  ;
; ramD.qip                      ;
; ramD.v                        ;
; ramI.qip                      ;
; ramI.v                        ;
+-------------------------------+


+--------------------+
; Files Not Restored ;
+--------------------+
; File Name          ;
+--------------------+


